error: #[default] is defined more than once
  --> tests/bad/02-enum-multiple-default.rs:18:5
   |
18 | /     #[default]
19 | |     B(B)
   | |________^
